=== Gene AOT Boundary Benchmark ===
Date: 2026-10-04 00:55:43 Sunday
Git commit: 60768a883692b856dbe2ea7a4f1020dd8c72d653
C compiler: Apple clang version 21.0.0 (clang-2100.0.123.102)

==> generating C from fib.gene
==> building loadable AOT library
==> running benchmark

=== Gene AOT boundary Fibonacci ===
Mode: vm vs aot-via-boundary, fib(28)

Result: vm  fib(28) = 317811
Result: aot fib(28) = 317811
Fib calls: 20569140 (20 x fib(28))

vm   time: 1219 ms
aot  time: 105 ms
Speedup:   11x
vm   rate: 16873781 calls/second
aot  rate: 195896571 calls/second

Boundary cost over 200000 crossings:
  aot boundary call: 74 ms
  vm function call:  22 ms
