value.small_int.construct: 20000000 ops in 4.61 ms (4334046645. ops/s, checksum=655038867840)
value.small_int.construct_access: 2000000 ops in 4.96 ms (403083589. ops/s, checksum=64998792640)
value.zero_float.immediate_access: 2000000 ops in 3.45 ms (579619086. ops/s, checksum=2000000)
value.node.construct_access: 250000 ops in 27.50 ms (9091336. ops/s, checksum=62499750000)
reader.single_form: 100000 ops in 310.05 ms (322526. ops/s, checksum=100000)
reader.style_guide.read_all: 1000 ops in 172.36 ms (5802. ops/s, checksum=40000)
printer.style_guide.forms: 1000 ops in 44.45 ms (22499. ops/s, checksum=4519000)
compiler.simple_call.source_to_gir: 100000 ops in 495.28 ms (201907. ops/s, checksum=1000000)
compiler.large_module.source_unit_to_gir: 1 ops in 7.29 ms (137. ops/s, checksum=436)
vm.simple_call.compiled_chunk: 500000 ops in 135.37 ms (3693664. ops/s, checksum=5000000)
vm.pipeline.compiled_chunk: 500000 ops in 235.37 ms (2124271. ops/s, checksum=4500000)
vm.pipeline_explicit.compiled_chunk: 500000 ops in 241.82 ms (2067644. ops/s, checksum=4500000)
vm.pipeline_iterate.compiled_chunk: 200000 ops in 1909.41 ms (104745. ops/s, checksum=800000)
vm.pipeline_iterate_explicit.compiled_chunk: 200000 ops in 1484.99 ms (134681. ops/s, checksum=800000)
vm.pipeline_iterate_drain.compiled_chunk: 200000 ops in 1058.53 ms (188941. ops/s, checksum=200000)
vm.pipeline_iterate_drain_explicit.compiled_chunk: 200000 ops in 1122.62 ms (178155. ops/s, checksum=200000)
vm.tail_mutual.100k: 20 ops in 696.16 ms (29. ops/s, checksum=20)
vm.tail_match.100k: 20 ops in 4054.98 ms (5. ops/s, checksum=0)
logging.native_disabled: 20000000 ops in 51.10 ms (391419436. ops/s, checksum=0)
logging.gene_disabled_macro: 500000 ops in 795.62 ms (628443. ops/s, checksum=500000)
logging.enabled_text_no_payload: 100000 ops in 58.79 ms (1701074. ops/s, checksum=50000)
logging.enabled_gene_payload_8: 50000 ops in 110.61 ms (452026. ops/s, checksum=25000)
logging.enabled_json_payload_8: 50000 ops in 143.16 ms (349248. ops/s, checksum=25000)
logging.fanout_same_renderer: 50000 ops in 141.13 ms (354280. ops/s, checksum=25000)
logging.fanout_mixed_renderers: 50000 ops in 182.86 ms (273433. ops/s, checksum=25000)
vm.no_arg_fn.compiled_chunk: 500000 ops in 149.00 ms (3355755. ops/s, checksum=3500000)
vm.parent_no_arg_fn.compiled_chunk: 500000 ops in 252.80 ms (1977859. ops/s, checksum=3500000)
vm.outer_no_arg_fn.compiled_chunk: 500000 ops in 256.05 ms (1952771. ops/s, checksum=3500000)
vm.var_heavy_fn.compiled_chunk: 500000 ops in 280.30 ms (1783772. ops/s, checksum=4000000)
vm.list_leaf_fn.compiled_chunk: 500000 ops in 309.35 ms (1616267. ops/s, checksum=1000000)
vm.one_arg_fn.compiled_chunk: 500000 ops in 158.48 ms (3154942. ops/s, checksum=5000000)
vm.typed_unary_int_call.compiled_chunk: 500000 ops in 158.17 ms (3161078. ops/s, checksum=5000000)
vm.named_call.compiled_chunk: 500000 ops in 228.48 ms (2188353. ops/s, checksum=5000000)
vm.typed_call.compiled_chunk: 500000 ops in 236.41 ms (2115011. ops/s, checksum=5000000)
vm.typed_f64_call.compiled_chunk: 500000 ops in 236.26 ms (2116320. ops/s, checksum=1500000)
vm.typed_f64_call7.compiled_chunk: 500000 ops in 445.24 ms (1122987. ops/s, checksum=14000000)
vm.buffer_scan_4096.compiled_chunk: 200 ops in 257.63 ms (776. ops/s, checksum=0)
vm.buffer_fill_4096.compiled_chunk: 200 ops in 388.78 ms (514. ops/s, checksum=819200)
vm.global_four_arg_fn.compiled_chunk: 500000 ops in 206.35 ms (2423022. ops/s, checksum=5000000)
vm.tail_call_chain.compiled_chunk: 500000 ops in 510.05 ms (980288. ops/s, checksum=4500000)
vm.tail_recur_countdown.compiled_chunk: 200000 ops in 266.21 ms (751293. ops/s, checksum=0)
vm.untyped_call_loop.compiled_chunk: 2000 ops in 526.67 ms (3797. ops/s, checksum=2000000)
vm.top_level_set_loop.compiled_chunk: 2000 ops in 272.16 ms (7348. ops/s, checksum=999000000)
vm.fib_untyped.compiled_chunk: 500 ops in 258.89 ms (1931. ops/s, checksum=1292000)
vm.named_call.apply_trampoline: 500000 ops in 158.49 ms (3154809. ops/s, checksum=5000000)
vm.call.gene_one_arg.compiled_chunk: 500000 ops in 246.02 ms (2032328. ops/s, checksum=5000000)
vm.protocol_message.trivial_body.compiled_chunk: 500000 ops in 333.70 ms (1498359. ops/s, checksum=5000000)
vm.protocol_message.compiled_chunk: 500000 ops in 446.00 ms (1121082. ops/s, checksum=5000000)
vm.protocol_message.inherited.compiled_chunk: 500000 ops in 444.48 ms (1124912. ops/s, checksum=5000000)
vm.protocol_message.type_direct.compiled_chunk: 500000 ops in 405.38 ms (1233398. ops/s, checksum=5000000)
vm.protocol_message.with_arg.compiled_chunk: 500000 ops in 476.89 ms (1048463. ops/s, checksum=7500000)
vm.type_message.self_colon.compiled_chunk: 500000 ops in 414.52 ms (1206218. ops/s, checksum=5000000)
vm.builtin_message.compiled_chunk: 500000 ops in 260.90 ms (1916429. ops/s, checksum=5000000)
vm.super_send.compiled_chunk: 500000 ops in 558.06 ms (895966. ops/s, checksum=500000)
vm.rest_call.compiled_chunk: 500000 ops in 375.86 ms (1330294. ops/s, checksum=1500000)
vm.default_call.compiled_chunk: 500000 ops in 333.29 ms (1500196. ops/s, checksum=4500000)
vm.selector_path.compiled_chunk: 500000 ops in 134.67 ms (3712778. ops/s, checksum=18500000)
vm.dynamic_selector_path.compiled_chunk: 500000 ops in 215.32 ms (2322142. ops/s, checksum=18500000)
vm.selector_projection_stage.compiled_chunk: 500000 ops in 414.17 ms (1207247. ops/s, checksum=18500000)
typed_native.inline_nim_ceiling: 20000000 ops in 11.73 ms (1705678228. ops/s, checksum=850000000)
typed_native.generated_c_field_load: 20000000 ops in 14.94 ms (1338688086. ops/s, checksum=850000000)
typed_native.dynamic_wrapper_getter: 500000 ops in 164.62 ms (3037366. ops/s, checksum=21250000)
vm.native_wrapper.handle_alloc: 250000 ops in 15.42 ms (16210740. ops/s, checksum=250000)
vm.native_wrapper.factory_construct_untyped: 250000 ops in 204.44 ms (1222839. ops/s, checksum=500000)
vm.native_wrapper.factory_construct: 250000 ops in 420.03 ms (595200. ops/s, checksum=500000)
vm.native_wrapper.ctor_construct: 250000 ops in 1784.96 ms (140059. ops/s, checksum=500000)
vm.native_wrapper.plain_direct_construct: 250000 ops in 488.56 ms (511708. ops/s, checksum=500000)
vm.native_wrapper.field_read: 500000 ops in 154.07 ms (3245180. ops/s, checksum=2000000)
vm.native_wrapper.sqlite_query: 2000 ops in 3.37 ms (593589. ops/s, checksum=3000)
vm.assoc_in.compiled_chunk: 250000 ops in 210.31 ms (1188718. ops/s, checksum=9500000)
vm.match_arms.compiled_chunk: 100000 ops in 762.90 ms (131079. ops/s, checksum=1000000)
vm.match_fallthrough.compiled_chunk: 200000 ops in 459.73 ms (435040. ops/s, checksum=200000)
vm.match_scalar.compiled_chunk: 200000 ops in 222.13 ms (900381. ops/s, checksum=600000)
vm.match_bind.compiled_chunk: 200000 ops in 187.33 ms (1067614. ops/s, checksum=600000)
event.publish_small.one_subscriber: 200000 ops in 1422.66 ms (140582. ops/s, checksum=200000)
event.publish_frozen.one_subscriber: 200000 ops in 790.87 ms (252886. ops/s, checksum=200000)
event.publish_frozen.four_subscribers: 200000 ops in 822.83 ms (243065. ops/s, checksum=800000)
event.publish_frozen.no_match: 200000 ops in 880.03 ms (227265. ops/s, checksum=400000)
event.subscribe_cancel: 100000 ops in 200.36 ms (499098. ops/s, checksum=100000)
equality.structural_node: 500000 ops in 33.06 ms (15124856. ops/s, checksum=500000)
vm.protocol_list.same_module.1: 2000 ops in 5.61 ms; checksum=2000
vm.protocol_list.cross_module.1: 2000 ops in 5.98 ms; checksum=2000
vm.protocol_list.same_module.32: 2000 ops in 51.92 ms; checksum=64000
vm.protocol_list.cross_module.32: 2000 ops in 52.29 ms; checksum=64000
vm.protocol_list.same_module.512: 2000 ops in 762.45 ms; checksum=1024000
vm.protocol_list.cross_module.512: 2000 ops in 754.43 ms; checksum=1024000
