value.small_int.construct: 20000000 ops in 4.73 ms (4227472696. ops/s, checksum=655038867840)
value.small_int.construct_access: 2000000 ops in 4.98 ms (401579573. ops/s, checksum=64998792640)
value.zero_float.immediate_access: 2000000 ops in 3.42 ms (584232955. ops/s, checksum=2000000)
value.node.construct_access: 250000 ops in 24.77 ms (10091208. ops/s, checksum=62499750000)
reader.single_form: 100000 ops in 313.88 ms (318590. ops/s, checksum=100000)
reader.style_guide.read_all: 1000 ops in 173.14 ms (5776. ops/s, checksum=40000)
printer.style_guide.forms: 1000 ops in 43.90 ms (22781. ops/s, checksum=4519000)
compiler.simple_call.source_to_gir: 100000 ops in 495.06 ms (201996. ops/s, checksum=1000000)
compiler.large_module.source_unit_to_gir: 1 ops in 7.41 ms (135. ops/s, checksum=436)
vm.simple_call.compiled_chunk: 500000 ops in 135.46 ms (3691149. ops/s, checksum=5000000)
vm.pipeline.compiled_chunk: 500000 ops in 234.04 ms (2136357. ops/s, checksum=4500000)
vm.pipeline_explicit.compiled_chunk: 500000 ops in 246.19 ms (2030925. ops/s, checksum=4500000)
vm.pipeline_iterate.compiled_chunk: 200000 ops in 1922.07 ms (104054. ops/s, checksum=800000)
vm.pipeline_iterate_explicit.compiled_chunk: 200000 ops in 1461.03 ms (136889. ops/s, checksum=800000)
vm.pipeline_iterate_drain.compiled_chunk: 200000 ops in 1024.33 ms (195249. ops/s, checksum=200000)
vm.pipeline_iterate_drain_explicit.compiled_chunk: 200000 ops in 1117.33 ms (178999. ops/s, checksum=200000)
vm.tail_mutual.100k: 20 ops in 691.88 ms (29. ops/s, checksum=20)
vm.tail_match.100k: 20 ops in 4119.38 ms (5. ops/s, checksum=0)
logging.native_disabled: 20000000 ops in 45.79 ms (436802421. ops/s, checksum=0)
logging.gene_disabled_macro: 500000 ops in 788.95 ms (633757. ops/s, checksum=500000)
logging.enabled_text_no_payload: 100000 ops in 58.91 ms (1697517. ops/s, checksum=50000)
logging.enabled_gene_payload_8: 50000 ops in 108.02 ms (462858. ops/s, checksum=25000)
logging.enabled_json_payload_8: 50000 ops in 141.95 ms (352234. ops/s, checksum=25000)
logging.fanout_same_renderer: 50000 ops in 139.22 ms (359138. ops/s, checksum=25000)
logging.fanout_mixed_renderers: 50000 ops in 184.60 ms (270862. ops/s, checksum=25000)
vm.no_arg_fn.compiled_chunk: 500000 ops in 156.32 ms (3198661. ops/s, checksum=3500000)
vm.parent_no_arg_fn.compiled_chunk: 500000 ops in 245.97 ms (2032761. ops/s, checksum=3500000)
vm.outer_no_arg_fn.compiled_chunk: 500000 ops in 256.82 ms (1946878. ops/s, checksum=3500000)
vm.var_heavy_fn.compiled_chunk: 500000 ops in 284.03 ms (1760397. ops/s, checksum=4000000)
vm.list_leaf_fn.compiled_chunk: 500000 ops in 314.83 ms (1588159. ops/s, checksum=1000000)
vm.one_arg_fn.compiled_chunk: 500000 ops in 158.34 ms (3157778. ops/s, checksum=5000000)
vm.typed_unary_int_call.compiled_chunk: 500000 ops in 154.11 ms (3244421. ops/s, checksum=5000000)
vm.named_call.compiled_chunk: 500000 ops in 223.80 ms (2234117. ops/s, checksum=5000000)
vm.typed_call.compiled_chunk: 500000 ops in 236.73 ms (2112153. ops/s, checksum=5000000)
vm.typed_f64_call.compiled_chunk: 500000 ops in 229.97 ms (2174244. ops/s, checksum=1500000)
vm.typed_f64_call7.compiled_chunk: 500000 ops in 453.37 ms (1102849. ops/s, checksum=14000000)
vm.buffer_scan_4096.compiled_chunk: 200 ops in 266.64 ms (750. ops/s, checksum=0)
vm.buffer_fill_4096.compiled_chunk: 200 ops in 388.47 ms (515. ops/s, checksum=819200)
vm.global_four_arg_fn.compiled_chunk: 500000 ops in 190.42 ms (2625730. ops/s, checksum=5000000)
vm.tail_call_chain.compiled_chunk: 500000 ops in 514.98 ms (970907. ops/s, checksum=4500000)
vm.tail_recur_countdown.compiled_chunk: 200000 ops in 265.08 ms (754493. ops/s, checksum=0)
vm.untyped_call_loop.compiled_chunk: 2000 ops in 504.86 ms (3961. ops/s, checksum=2000000)
vm.top_level_set_loop.compiled_chunk: 2000 ops in 254.26 ms (7866. ops/s, checksum=999000000)
vm.fib_untyped.compiled_chunk: 500 ops in 264.26 ms (1892. ops/s, checksum=1292000)
vm.named_call.apply_trampoline: 500000 ops in 158.76 ms (3149424. ops/s, checksum=5000000)
vm.call.gene_one_arg.compiled_chunk: 500000 ops in 248.43 ms (2012648. ops/s, checksum=5000000)
vm.protocol_message.trivial_body.compiled_chunk: 500000 ops in 340.51 ms (1468366. ops/s, checksum=5000000)
vm.protocol_message.compiled_chunk: 500000 ops in 442.66 ms (1129536. ops/s, checksum=5000000)
vm.protocol_message.inherited.compiled_chunk: 500000 ops in 439.64 ms (1137288. ops/s, checksum=5000000)
vm.protocol_message.type_direct.compiled_chunk: 500000 ops in 399.91 ms (1250275. ops/s, checksum=5000000)
vm.protocol_message.with_arg.compiled_chunk: 500000 ops in 464.71 ms (1075938. ops/s, checksum=7500000)
vm.type_message.self_colon.compiled_chunk: 500000 ops in 409.71 ms (1220383. ops/s, checksum=5000000)
vm.builtin_message.compiled_chunk: 500000 ops in 239.88 ms (2084357. ops/s, checksum=5000000)
vm.super_send.compiled_chunk: 500000 ops in 559.64 ms (893439. ops/s, checksum=500000)
vm.rest_call.compiled_chunk: 500000 ops in 369.41 ms (1353527. ops/s, checksum=1500000)
vm.default_call.compiled_chunk: 500000 ops in 330.67 ms (1512064. ops/s, checksum=4500000)
vm.selector_path.compiled_chunk: 500000 ops in 136.97 ms (3650441. ops/s, checksum=18500000)
vm.dynamic_selector_path.compiled_chunk: 500000 ops in 215.49 ms (2320272. ops/s, checksum=18500000)
vm.selector_projection_stage.compiled_chunk: 500000 ops in 416.65 ms (1200061. ops/s, checksum=18500000)
typed_native.inline_nim_ceiling: 20000000 ops in 11.08 ms (1804748745. ops/s, checksum=850000000)
typed_native.generated_c_field_load: 20000000 ops in 11.16 ms (1792275293. ops/s, checksum=850000000)
typed_native.dynamic_wrapper_getter: 500000 ops in 154.24 ms (3241612. ops/s, checksum=21250000)
vm.native_wrapper.handle_alloc: 250000 ops in 17.68 ms (14136740. ops/s, checksum=250000)
vm.native_wrapper.factory_construct_untyped: 250000 ops in 206.49 ms (1210704. ops/s, checksum=500000)
vm.native_wrapper.factory_construct: 250000 ops in 428.36 ms (583619. ops/s, checksum=500000)
vm.native_wrapper.ctor_construct: 250000 ops in 1808.78 ms (138215. ops/s, checksum=500000)
vm.native_wrapper.plain_direct_construct: 250000 ops in 483.10 ms (517492. ops/s, checksum=500000)
vm.native_wrapper.field_read: 500000 ops in 152.55 ms (3277598. ops/s, checksum=2000000)
vm.native_wrapper.sqlite_query: 2000 ops in 3.21 ms (622988. ops/s, checksum=3000)
vm.assoc_in.compiled_chunk: 250000 ops in 206.35 ms (1211522. ops/s, checksum=9500000)
vm.match_arms.compiled_chunk: 100000 ops in 758.21 ms (131890. ops/s, checksum=1000000)
vm.match_fallthrough.compiled_chunk: 200000 ops in 459.21 ms (435530. ops/s, checksum=200000)
vm.match_scalar.compiled_chunk: 200000 ops in 222.08 ms (900571. ops/s, checksum=600000)
vm.match_bind.compiled_chunk: 200000 ops in 186.95 ms (1069814. ops/s, checksum=600000)
event.publish_small.one_subscriber: 200000 ops in 1410.11 ms (141833. ops/s, checksum=200000)
event.publish_frozen.one_subscriber: 200000 ops in 778.98 ms (256745. ops/s, checksum=200000)
event.publish_frozen.four_subscribers: 200000 ops in 818.86 ms (244242. ops/s, checksum=800000)
event.publish_frozen.no_match: 200000 ops in 859.69 ms (232642. ops/s, checksum=400000)
event.subscribe_cancel: 100000 ops in 199.29 ms (501770. ops/s, checksum=100000)
equality.structural_node: 500000 ops in 32.01 ms (15620709. ops/s, checksum=500000)
vm.protocol_list.same_module.1: 2000 ops in 5.74 ms; checksum=2000
vm.protocol_list.cross_module.1: 2000 ops in 6.06 ms; checksum=2000
vm.protocol_list.same_module.32: 2000 ops in 50.49 ms; checksum=64000
vm.protocol_list.cross_module.32: 2000 ops in 51.08 ms; checksum=64000
vm.protocol_list.same_module.512: 2000 ops in 755.02 ms; checksum=1024000
vm.protocol_list.cross_module.512: 2000 ops in 754.26 ms; checksum=1024000
