value.small_int.construct: 20000000 ops in 11.36 ms (1761215774. ops/s, checksum=655038867840)
value.small_int.construct_access: 2000000 ops in 8.23 ms (243097076. ops/s, checksum=64998792640)
value.zero_float.immediate_access: 2000000 ops in 5.71 ms (350002188. ops/s, checksum=2000000)
value.node.construct_access: 250000 ops in 33.34 ms (7498566. ops/s, checksum=62499750000)
reader.single_form: 100000 ops in 309.79 ms (322804. ops/s, checksum=100000)
reader.style_guide.read_all: 1000 ops in 177.90 ms (5621. ops/s, checksum=40000)
printer.style_guide.forms: 1000 ops in 44.00 ms (22726. ops/s, checksum=4519000)
compiler.simple_call.source_to_gir: 100000 ops in 501.16 ms (199536. ops/s, checksum=1000000)
compiler.large_module.source_unit_to_gir: 1 ops in 7.34 ms (136. ops/s, checksum=436)
vm.simple_call.compiled_chunk: 500000 ops in 137.82 ms (3627872. ops/s, checksum=5000000)
vm.pipeline.compiled_chunk: 500000 ops in 234.42 ms (2132952. ops/s, checksum=4500000)
vm.pipeline_explicit.compiled_chunk: 500000 ops in 248.01 ms (2016054. ops/s, checksum=4500000)
vm.pipeline_iterate.compiled_chunk: 200000 ops in 2135.13 ms (93671. ops/s, checksum=800000)
vm.pipeline_iterate_explicit.compiled_chunk: 200000 ops in 1447.79 ms (138142. ops/s, checksum=800000)
vm.pipeline_iterate_drain.compiled_chunk: 200000 ops in 1031.52 ms (193888. ops/s, checksum=200000)
vm.pipeline_iterate_drain_explicit.compiled_chunk: 200000 ops in 1138.54 ms (175663. ops/s, checksum=200000)
vm.tail_mutual.100k: 20 ops in 693.71 ms (29. ops/s, checksum=20)
vm.tail_match.100k: 20 ops in 4068.23 ms (5. ops/s, checksum=0)
logging.native_disabled: 20000000 ops in 44.87 ms (445765644. ops/s, checksum=0)
logging.gene_disabled_macro: 500000 ops in 778.33 ms (642400. ops/s, checksum=500000)
logging.enabled_text_no_payload: 100000 ops in 58.32 ms (1714642. ops/s, checksum=50000)
logging.enabled_gene_payload_8: 50000 ops in 108.38 ms (461341. ops/s, checksum=25000)
logging.enabled_json_payload_8: 50000 ops in 139.67 ms (357988. ops/s, checksum=25000)
logging.fanout_same_renderer: 50000 ops in 137.39 ms (363934. ops/s, checksum=25000)
logging.fanout_mixed_renderers: 50000 ops in 184.58 ms (270881. ops/s, checksum=25000)
vm.no_arg_fn.compiled_chunk: 500000 ops in 147.40 ms (3392136. ops/s, checksum=3500000)
vm.parent_no_arg_fn.compiled_chunk: 500000 ops in 251.27 ms (1989929. ops/s, checksum=3500000)
vm.outer_no_arg_fn.compiled_chunk: 500000 ops in 259.69 ms (1925361. ops/s, checksum=3500000)
vm.var_heavy_fn.compiled_chunk: 500000 ops in 279.11 ms (1791381. ops/s, checksum=4000000)
vm.list_leaf_fn.compiled_chunk: 500000 ops in 316.01 ms (1582221. ops/s, checksum=1000000)
vm.one_arg_fn.compiled_chunk: 500000 ops in 164.77 ms (3034571. ops/s, checksum=5000000)
vm.typed_unary_int_call.compiled_chunk: 500000 ops in 159.82 ms (3128511. ops/s, checksum=5000000)
vm.named_call.compiled_chunk: 500000 ops in 228.46 ms (2188547. ops/s, checksum=5000000)
vm.typed_call.compiled_chunk: 500000 ops in 242.56 ms (2061360. ops/s, checksum=5000000)
vm.typed_f64_call.compiled_chunk: 500000 ops in 235.09 ms (2126879. ops/s, checksum=1500000)
vm.typed_f64_call7.compiled_chunk: 500000 ops in 443.75 ms (1126766. ops/s, checksum=14000000)
vm.buffer_scan_4096.compiled_chunk: 200 ops in 262.98 ms (761. ops/s, checksum=0)
vm.buffer_fill_4096.compiled_chunk: 200 ops in 387.04 ms (517. ops/s, checksum=819200)
vm.global_four_arg_fn.compiled_chunk: 500000 ops in 196.46 ms (2545037. ops/s, checksum=5000000)
vm.tail_call_chain.compiled_chunk: 500000 ops in 526.94 ms (948873. ops/s, checksum=4500000)
vm.tail_recur_countdown.compiled_chunk: 200000 ops in 255.23 ms (783595. ops/s, checksum=0)
vm.untyped_call_loop.compiled_chunk: 2000 ops in 523.40 ms (3821. ops/s, checksum=2000000)
vm.top_level_set_loop.compiled_chunk: 2000 ops in 243.69 ms (8207. ops/s, checksum=999000000)
vm.fib_untyped.compiled_chunk: 500 ops in 266.23 ms (1878. ops/s, checksum=1292000)
vm.named_call.apply_trampoline: 500000 ops in 158.02 ms (3164148. ops/s, checksum=5000000)
vm.call.gene_one_arg.compiled_chunk: 500000 ops in 249.65 ms (2002807. ops/s, checksum=5000000)
vm.protocol_message.trivial_body.compiled_chunk: 500000 ops in 331.14 ms (1509944. ops/s, checksum=5000000)
vm.protocol_message.compiled_chunk: 500000 ops in 436.38 ms (1145793. ops/s, checksum=5000000)
vm.protocol_message.inherited.compiled_chunk: 500000 ops in 436.21 ms (1146250. ops/s, checksum=5000000)
vm.protocol_message.type_direct.compiled_chunk: 500000 ops in 405.10 ms (1234268. ops/s, checksum=5000000)
vm.protocol_message.with_arg.compiled_chunk: 500000 ops in 467.72 ms (1069005. ops/s, checksum=7500000)
vm.type_message.self_colon.compiled_chunk: 500000 ops in 409.96 ms (1219639. ops/s, checksum=5000000)
vm.builtin_message.compiled_chunk: 500000 ops in 247.91 ms (2016876. ops/s, checksum=5000000)
vm.super_send.compiled_chunk: 500000 ops in 564.08 ms (886393. ops/s, checksum=500000)
vm.rest_call.compiled_chunk: 500000 ops in 379.65 ms (1317016. ops/s, checksum=1500000)
vm.default_call.compiled_chunk: 500000 ops in 329.64 ms (1516818. ops/s, checksum=4500000)
vm.selector_path.compiled_chunk: 500000 ops in 134.33 ms (3722313. ops/s, checksum=18500000)
vm.dynamic_selector_path.compiled_chunk: 500000 ops in 222.07 ms (2251541. ops/s, checksum=18500000)
vm.selector_projection_stage.compiled_chunk: 500000 ops in 418.24 ms (1195498. ops/s, checksum=18500000)
typed_native.inline_nim_ceiling: 20000000 ops in 11.84 ms (1689022855. ops/s, checksum=850000000)
typed_native.generated_c_field_load: 20000000 ops in 18.80 ms (1064112796. ops/s, checksum=850000000)
typed_native.dynamic_wrapper_getter: 500000 ops in 160.03 ms (3124492. ops/s, checksum=21250000)
vm.native_wrapper.handle_alloc: 250000 ops in 15.73 ms (15894756. ops/s, checksum=250000)
vm.native_wrapper.factory_construct_untyped: 250000 ops in 209.27 ms (1194655. ops/s, checksum=500000)
vm.native_wrapper.factory_construct: 250000 ops in 426.37 ms (586342. ops/s, checksum=500000)
vm.native_wrapper.ctor_construct: 250000 ops in 1788.11 ms (139813. ops/s, checksum=500000)
vm.native_wrapper.plain_direct_construct: 250000 ops in 471.38 ms (530360. ops/s, checksum=500000)
vm.native_wrapper.field_read: 500000 ops in 150.65 ms (3318857. ops/s, checksum=2000000)
vm.native_wrapper.sqlite_query: 2000 ops in 3.13 ms (638298. ops/s, checksum=3000)
vm.assoc_in.compiled_chunk: 250000 ops in 204.41 ms (1223033. ops/s, checksum=9500000)
vm.match_arms.compiled_chunk: 100000 ops in 758.20 ms (131891. ops/s, checksum=1000000)
vm.match_fallthrough.compiled_chunk: 200000 ops in 460.66 ms (434156. ops/s, checksum=200000)
vm.match_scalar.compiled_chunk: 200000 ops in 222.13 ms (900364. ops/s, checksum=600000)
vm.match_bind.compiled_chunk: 200000 ops in 184.38 ms (1084734. ops/s, checksum=600000)
event.publish_small.one_subscriber: 200000 ops in 1418.79 ms (140965. ops/s, checksum=200000)
event.publish_frozen.one_subscriber: 200000 ops in 776.43 ms (257591. ops/s, checksum=200000)
event.publish_frozen.four_subscribers: 200000 ops in 799.26 ms (250230. ops/s, checksum=800000)
event.publish_frozen.no_match: 200000 ops in 833.18 ms (240043. ops/s, checksum=400000)
event.subscribe_cancel: 100000 ops in 202.09 ms (494826. ops/s, checksum=100000)
equality.structural_node: 500000 ops in 32.97 ms (15165896. ops/s, checksum=500000)
vm.protocol_list.same_module.1: 2000 ops in 5.69 ms; checksum=2000
vm.protocol_list.cross_module.1: 2000 ops in 6.16 ms; checksum=2000
vm.protocol_list.same_module.32: 2000 ops in 51.14 ms; checksum=64000
vm.protocol_list.cross_module.32: 2000 ops in 52.67 ms; checksum=64000
vm.protocol_list.same_module.512: 2000 ops in 781.33 ms; checksum=1024000
vm.protocol_list.cross_module.512: 2000 ops in 764.44 ms; checksum=1024000
